// Jest Snapshot v1, https://goo.gl/fbAQLP

exports[`StatusPane Should match snapshot 1`] = `
<div
  className="sidebar-sticky"
>
  <ul
    className="flex-column nav"
  >
    <li
      className="item"
      key="0"
    >
      <img
        className="icon"
        src="images/icons/icons8-wheat-30.png"
      />
      <span>
        Food
      </span>
      <span>
        : 
        10000
      </span>
    </li>
    <li
      className="item"
      key="1"
    >
      <img
        className="icon"
        src="images/icons/icons8-steel-bars-48.png"
      />
      <span>
        Iron
      </span>
      <span>
        : 
        1000
      </span>
    </li>
    <li
      className="item"
      key="2"
    >
      <img
        className="icon"
        src="images/icons/icons8-wood-64.png"
      />
      <span>
        Timber
      </span>
      <span>
        : 
        1000
      </span>
    </li>
    <li
      className="item"
      key="3"
    >
      <img
        className="icon"
        src="images/icons/icons8-rock-30.png"
      />
      <span>
        Stone
      </span>
      <span>
        : 
        1000
      </span>
    </li>
    <li
      className="item"
      key="4"
    >
      <img
        className="icon"
        src="images/icons/icons8-coins-30.png"
      />
      <span>
        Gold
      </span>
      <span>
        : 
        10000
      </span>
    </li>
    <li
      className="item"
      key="5"
    >
      <img
        className="icon"
        src="images/icons/icons8-museum-30.png"
      />
      <span>
        Influence
      </span>
      <span>
        : 
        100
      </span>
    </li>
  </ul>
</div>
`;
